// Jest Snapshot v1, https://goo.gl/fbAQLP

exports[`CartPage render without errors CartPage rendering 1`] = `
Object {
  "asFragment": [Function],
  "baseElement": <body>
    <div>
      <div
        class="item_page"
      >
        <div
          class="item-block"
        >
          <div
            class="item-page-title"
          >
            title1
          </div>
          <img
            alt="title1"
            class="item-page-img"
            src="image1"
          />
          <div>
             
            description1
          </div>
          <div
            class="menu__category"
          >
            Category: 
            <span>
              category1
            </span>
          </div>
          <div
            class="menu__price"
          >
            Price: 
            <span>
              25
              $
            </span>
          </div>
          Чтобы добавить товар в корзину залогинтесь
        </div>
      </div>
    </div>
  </body>,
  "container": <div>
    <div
      class="item_page"
    >
      <div
        class="item-block"
      >
        <div
          class="item-page-title"
        >
          title1
        </div>
        <img
          alt="title1"
          class="item-page-img"
          src="image1"
        />
        <div>
           
          description1
        </div>
        <div
          class="menu__category"
        >
          Category: 
          <span>
            category1
          </span>
        </div>
        <div
          class="menu__price"
        >
          Price: 
          <span>
            25
            $
          </span>
        </div>
        Чтобы добавить товар в корзину залогинтесь
      </div>
    </div>
  </div>,
  "debug": [Function],
  "findAllByAltText": [Function],
  "findAllByDisplayValue": [Function],
  "findAllByLabelText": [Function],
  "findAllByPlaceholderText": [Function],
  "findAllByRole": [Function],
  "findAllByTestId": [Function],
  "findAllByText": [Function],
  "findAllByTitle": [Function],
  "findByAltText": [Function],
  "findByDisplayValue": [Function],
  "findByLabelText": [Function],
  "findByPlaceholderText": [Function],
  "findByRole": [Function],
  "findByTestId": [Function],
  "findByText": [Function],
  "findByTitle": [Function],
  "getAllByAltText": [Function],
  "getAllByDisplayValue": [Function],
  "getAllByLabelText": [Function],
  "getAllByPlaceholderText": [Function],
  "getAllByRole": [Function],
  "getAllByTestId": [Function],
  "getAllByText": [Function],
  "getAllByTitle": [Function],
  "getByAltText": [Function],
  "getByDisplayValue": [Function],
  "getByLabelText": [Function],
  "getByPlaceholderText": [Function],
  "getByRole": [Function],
  "getByTestId": [Function],
  "getByText": [Function],
  "getByTitle": [Function],
  "queryAllByAltText": [Function],
  "queryAllByDisplayValue": [Function],
  "queryAllByLabelText": [Function],
  "queryAllByPlaceholderText": [Function],
  "queryAllByRole": [Function],
  "queryAllByTestId": [Function],
  "queryAllByText": [Function],
  "queryAllByTitle": [Function],
  "queryByAltText": [Function],
  "queryByDisplayValue": [Function],
  "queryByLabelText": [Function],
  "queryByPlaceholderText": [Function],
  "queryByRole": [Function],
  "queryByTestId": [Function],
  "queryByText": [Function],
  "queryByTitle": [Function],
  "rerender": [Function],
  "unmount": [Function],
}
`;

exports[`ItemPage render without errors ItemPage rendering 1`] = `
Object {
  "asFragment": [Function],
  "baseElement": <body>
    <div>
      <div
        class="item_page"
      >
        <div
          class="item-block"
        >
          <div
            class="item-page-title"
          >
            title1
          </div>
          <img
            alt="title1"
            class="item-page-img"
            src="image1"
          />
          <div>
             
            description1
          </div>
          <div
            class="menu__category"
          >
            Category: 
            <span>
              category1
            </span>
          </div>
          <div
            class="menu__price"
          >
            Price: 
            <span>
              25
              $
            </span>
          </div>
          Чтобы добавить товар в корзину залогинтесь
        </div>
      </div>
    </div>
  </body>,
  "container": <div>
    <div
      class="item_page"
    >
      <div
        class="item-block"
      >
        <div
          class="item-page-title"
        >
          title1
        </div>
        <img
          alt="title1"
          class="item-page-img"
          src="image1"
        />
        <div>
           
          description1
        </div>
        <div
          class="menu__category"
        >
          Category: 
          <span>
            category1
          </span>
        </div>
        <div
          class="menu__price"
        >
          Price: 
          <span>
            25
            $
          </span>
        </div>
        Чтобы добавить товар в корзину залогинтесь
      </div>
    </div>
  </div>,
  "debug": [Function],
  "findAllByAltText": [Function],
  "findAllByDisplayValue": [Function],
  "findAllByLabelText": [Function],
  "findAllByPlaceholderText": [Function],
  "findAllByRole": [Function],
  "findAllByTestId": [Function],
  "findAllByText": [Function],
  "findAllByTitle": [Function],
  "findByAltText": [Function],
  "findByDisplayValue": [Function],
  "findByLabelText": [Function],
  "findByPlaceholderText": [Function],
  "findByRole": [Function],
  "findByTestId": [Function],
  "findByText": [Function],
  "findByTitle": [Function],
  "getAllByAltText": [Function],
  "getAllByDisplayValue": [Function],
  "getAllByLabelText": [Function],
  "getAllByPlaceholderText": [Function],
  "getAllByRole": [Function],
  "getAllByTestId": [Function],
  "getAllByText": [Function],
  "getAllByTitle": [Function],
  "getByAltText": [Function],
  "getByDisplayValue": [Function],
  "getByLabelText": [Function],
  "getByPlaceholderText": [Function],
  "getByRole": [Function],
  "getByTestId": [Function],
  "getByText": [Function],
  "getByTitle": [Function],
  "queryAllByAltText": [Function],
  "queryAllByDisplayValue": [Function],
  "queryAllByLabelText": [Function],
  "queryAllByPlaceholderText": [Function],
  "queryAllByRole": [Function],
  "queryAllByTestId": [Function],
  "queryAllByText": [Function],
  "queryAllByTitle": [Function],
  "queryByAltText": [Function],
  "queryByDisplayValue": [Function],
  "queryByLabelText": [Function],
  "queryByPlaceholderText": [Function],
  "queryByRole": [Function],
  "queryByTestId": [Function],
  "queryByText": [Function],
  "queryByTitle": [Function],
  "rerender": [Function],
  "unmount": [Function],
}
`;
