// Jest Snapshot v1, https://goo.gl/fbAQLP

exports[`HOC WithAstService testing renders snapshot 1`] = `
<div>
  <div>
    Test AstService
  </div>
</div>
`;
